[     204ms] [INFO] %cDownload the React DevTools for a better development experience: https://react.dev/link/react-devtools font-weight:bold @ http://localhost:3000/_next/static/chunks/0m_d_next_dist_1pp-090._.js:776
[     220ms] [LOG] [HMR] connected @ http://localhost:3000/_next/static/chunks/0m_d_next_dist_1pp-090._.js:776
[ 1158007ms] [ERROR] WebSocket connection to 'ws://localhost:3000/_next/hmr?id=og91xR_4cX7CYpYLq4KUx' failed: Error in connection establishment: net::ERR_CONNECTION_REFUSED @ http://localhost:3000/_next/static/chunks/0m_d_next_dist_client_1j0z1ru._.js:16348
[ 1161376ms] [ERROR] WebSocket connection to 'ws://localhost:3000/_next/hmr?id=og91xR_4cX7CYpYLq4KUx' failed: Error in connection establishment: net::ERR_CONNECTION_REFUSED @ http://localhost:3000/_next/static/chunks/0m_d_next_dist_client_1j0z1ru._.js:16348
[ 1164740ms] [ERROR] WebSocket connection to 'ws://localhost:3000/_next/hmr?id=og91xR_4cX7CYpYLq4KUx' failed: Error in connection establishment: net::ERR_CONNECTION_REFUSED @ http://localhost:3000/_next/static/chunks/0m_d_next_dist_client_1j0z1ru._.js:16348
[ 1168084ms] [ERROR] WebSocket connection to 'ws://localhost:3000/_next/hmr?id=og91xR_4cX7CYpYLq4KUx' failed: Error in connection establishment: net::ERR_CONNECTION_REFUSED @ http://localhost:3000/_next/static/chunks/0m_d_next_dist_client_1j0z1ru._.js:16348
[ 1171444ms] [ERROR] WebSocket connection to 'ws://localhost:3000/_next/hmr?id=og91xR_4cX7CYpYLq4KUx' failed: Error in connection establishment: net::ERR_CONNECTION_REFUSED @ http://localhost:3000/_next/static/chunks/0m_d_next_dist_client_1j0z1ru._.js:16348
[ 1178819ms] [ERROR] WebSocket connection to 'ws://localhost:3000/_next/hmr?id=og91xR_4cX7CYpYLq4KUx' failed: Error in connection establishment: net::ERR_CONNECTION_REFUSED @ http://localhost:3000/_next/static/chunks/0m_d_next_dist_client_1j0z1ru._.js:16348
[ 1186181ms] [ERROR] WebSocket connection to 'ws://localhost:3000/_next/hmr?id=og91xR_4cX7CYpYLq4KUx' failed: Error in connection establishment: net::ERR_CONNECTION_REFUSED @ http://localhost:3000/_next/static/chunks/0m_d_next_dist_client_1j0z1ru._.js:16348
[ 1193572ms] [ERROR] WebSocket connection to 'ws://localhost:3000/_next/hmr?id=og91xR_4cX7CYpYLq4KUx' failed: Error in connection establishment: net::ERR_CONNECTION_REFUSED @ http://localhost:3000/_next/static/chunks/0m_d_next_dist_client_1j0z1ru._.js:16348
[ 1200956ms] [ERROR] WebSocket connection to 'ws://localhost:3000/_next/hmr?id=og91xR_4cX7CYpYLq4KUx' failed: Error in connection establishment: net::ERR_CONNECTION_REFUSED @ http://localhost:3000/_next/static/chunks/0m_d_next_dist_client_1j0z1ru._.js:16348
[ 1205988ms] [LOG] [HMR] connected @ http://localhost:3000/_next/static/chunks/0m_d_next_dist_1pp-090._.js:776
[ 1206993ms] [INFO] %cDownload the React DevTools for a better development experience: https://react.dev/link/react-devtools font-weight:bold @ http://localhost:3000/_next/static/chunks/0m_d_next_dist_1pp-090._.js:776
[ 1207021ms] [LOG] [HMR] connected @ http://localhost:3000/_next/static/chunks/0m_d_next_dist_1pp-090._.js:776
[ 1222180ms] [ERROR] WebSocket connection to 'ws://localhost:3000/_next/hmr?id=ZKC0pcaO5fwrOxTK7vby1' failed: Error in connection establishment: net::ERR_CONNECTION_REFUSED @ http://localhost:3000/_next/static/chunks/0m_d_next_dist_client_1j0z1ru._.js:16348
[ 1225535ms] [ERROR] WebSocket connection to 'ws://localhost:3000/_next/hmr?id=ZKC0pcaO5fwrOxTK7vby1' failed: Error in connection establishment: net::ERR_CONNECTION_REFUSED @ http://localhost:3000/_next/static/chunks/0m_d_next_dist_client_1j0z1ru._.js:16348
[ 1228899ms] [ERROR] WebSocket connection to 'ws://localhost:3000/_next/hmr?id=ZKC0pcaO5fwrOxTK7vby1' failed: Error in connection establishment: net::ERR_CONNECTION_REFUSED @ http://localhost:3000/_next/static/chunks/0m_d_next_dist_client_1j0z1ru._.js:16348
[ 1232251ms] [ERROR] WebSocket connection to 'ws://localhost:3000/_next/hmr?id=ZKC0pcaO5fwrOxTK7vby1' failed: Error in connection establishment: net::ERR_CONNECTION_REFUSED @ http://localhost:3000/_next/static/chunks/0m_d_next_dist_client_1j0z1ru._.js:16348
[ 1235600ms] [ERROR] WebSocket connection to 'ws://localhost:3000/_next/hmr?id=ZKC0pcaO5fwrOxTK7vby1' failed: Error in connection establishment: net::ERR_CONNECTION_REFUSED @ http://localhost:3000/_next/static/chunks/0m_d_next_dist_client_1j0z1ru._.js:16348
[ 1242963ms] [ERROR] WebSocket connection to 'ws://localhost:3000/_next/hmr?id=ZKC0pcaO5fwrOxTK7vby1' failed: Error in connection establishment: net::ERR_CONNECTION_REFUSED @ http://localhost:3000/_next/static/chunks/0m_d_next_dist_client_1j0z1ru._.js:16348
[ 1250307ms] [ERROR] WebSocket connection to 'ws://localhost:3000/_next/hmr?id=ZKC0pcaO5fwrOxTK7vby1' failed: Error in connection establishment: net::ERR_CONNECTION_REFUSED @ http://localhost:3000/_next/static/chunks/0m_d_next_dist_client_1j0z1ru._.js:16348
[ 1257694ms] [ERROR] WebSocket connection to 'ws://localhost:3000/_next/hmr?id=ZKC0pcaO5fwrOxTK7vby1' failed: Error in connection establishment: net::ERR_CONNECTION_REFUSED @ http://localhost:3000/_next/static/chunks/0m_d_next_dist_client_1j0z1ru._.js:16348
[ 1265062ms] [ERROR] WebSocket connection to 'ws://localhost:3000/_next/hmr?id=ZKC0pcaO5fwrOxTK7vby1' failed: Error in connection establishment: net::ERR_CONNECTION_REFUSED @ http://localhost:3000/_next/static/chunks/0m_d_next_dist_client_1j0z1ru._.js:16348
[ 1272435ms] [ERROR] WebSocket connection to 'ws://localhost:3000/_next/hmr?id=ZKC0pcaO5fwrOxTK7vby1' failed: Error in connection establishment: net::ERR_CONNECTION_REFUSED @ http://localhost:3000/_next/static/chunks/0m_d_next_dist_client_1j0z1ru._.js:16348
[ 1279816ms] [ERROR] WebSocket connection to 'ws://localhost:3000/_next/hmr?id=ZKC0pcaO5fwrOxTK7vby1' failed: Error in connection establishment: net::ERR_CONNECTION_REFUSED @ http://localhost:3000/_next/static/chunks/0m_d_next_dist_client_1j0z1ru._.js:16348
[ 1287192ms] [ERROR] WebSocket connection to 'ws://localhost:3000/_next/hmr?id=ZKC0pcaO5fwrOxTK7vby1' failed: Error in connection establishment: net::ERR_CONNECTION_REFUSED @ http://localhost:3000/_next/static/chunks/0m_d_next_dist_client_1j0z1ru._.js:16348
